// Jest Snapshot v1, https://goo.gl/fbAQLP

exports[`render CheckboxSwitch matches snapshot 1`] = `ShallowWrapper {}`;
