// Jest Snapshot v1, https://goo.gl/fbAQLP

exports[`render Logo matches snapshot 1`] = `ShallowWrapper {}`;

exports[`render logo matches snapshot 1`] = `ShallowWrapper {}`;
